Using bundled DotNet SDK version: 10.0 win-x64
Running UnrealBuildTool: dotnet "..\..\Engine\Binaries\DotNET\UnrealBuildTool\UnrealBuildTool.dll" DublinFlightEditor Win64 Development C:\Code\tmp\messing\dublin-lidar\DublinFlight\DublinFlight.uproject -NoHotReloadFromIDE -WaitMutex -MaxParallelActions=8
Log file: C:\Users\niglyn\AppData\Local\UnrealBuildTool\Log.txt
Executing up to 8 actions based on MaxProcessorCount override
UbaServer - Listening on 0.0.0.0:1345
Invalidating makefile for DublinFlightEditor (DublinFlight.Build.cs modified)
Plugin 'MetaHumanGenerator' depends on plugin 'StructUtils' which was deprecated in 5.5 and will soon be removed. Please update your dependencies.
Project 'DublinFlightEditor' depends on plugin 'StructUtils' which was deprecated in 5.5 and will soon be removed. Please update your dependencies.
UHT compiled-in object format Default
UHT processed DublinFlightEditor in 11.7989663 seconds (0 generated files written)
Building DublinFlightEditor...
===== Toolchain Information =====
Using ISPC compiler (C:\Program Files\Epic Games\UE_5.8\Engine\Source\ThirdParty\Intel\ISPC\bin\Windows\ispc.exe)
  Intel(r) Implicit SPMD Program Compiler (Intel(r) ISPC), 1.24.0 (build commit  @ 20250404, LLVM 18.1.2) 
Using Visual Studio 14.44.35228 toolchain (C:\Program Files\Microsoft Visual Studio\2022\Enterprise\VC\Tools\MSVC\14.44.35207) and Windows 10.0.22621.0 SDK (C:\Program Files (x86)\Windows Kits\10).
=================================
Using Unreal Build Accelerator local executor to run 19 action(s)
  CPU 24 physical cores, 32 logical cores
  Memory 63.66 GB physical, 39.92 GB/127.66 GB committed
  UBA Storage capacity 40 GB
[1/19] Compile [x64] DublinFlight.cpp
[2/19] Compile [x64] DublinFlightGameMode.cpp
[3/19] Compile [x64] DublinFlightHUD.cpp
[4/19] Compile [x64] DublinCityGeometry.cpp
[5/19] Compile [x64] DublinCityTests.cpp
[6/19] Compile [x64] DublinCityData.cpp
[7/19] Compile [x64] DublinFlightPIETests.cpp
[8/19] Compile [x64] DublinFlightPerformanceMetrics.cpp
[9/19] Compile [x64] DublinFlightPawn.cpp
[10/19] Compile [x64] DublinFlightSimulation.cpp
[11/19] Compile [x64] DublinFlightPerformanceTests.cpp
[12/19] Compile [x64] DublinFlightSimulationTests.cpp
[13/19] Compile [x64] DublinFlightPerformanceSubsystem.cpp
[14/19] Compile [x64] Module.DublinFlight.gen.cpp
[15/19] Compile [x64] PerModuleInline.gen.cpp
[16/19] Compile [x64] DublinCityWorld.cpp
[17/19] Link [x64] UnrealEditor-DublinFlight.lib
[18/19] Link [x64] UnrealEditor-DublinFlight.dll
[19/19] WriteMetadata DublinFlightEditor.target [NoUba]

Total time in Unreal Build Accelerator local executor: 10.26 seconds
Output binary: C:\Program Files\Epic Games\UE_5.8\Engine\Binaries\Win64\UnrealEditor.exe

Result: Succeeded
Total execution time: 27.23 seconds
Trace written to file C:\Users\niglyn\AppData\Local\UnrealBuildTool\Trace.uba with size 11.2kb
